// Jest Snapshot v1, https://goo.gl/fbAQLP

exports[`matches snapshot 1`] = `
<div
  className="col col-sm-4"
  data-testid="test-ens-searchbox"
>
  <input
    className="form-control"
    onChange={[Function]}
    placeholder="Search Movie"
    value="Test value"
  />
</div>
`;
